// Jest Snapshot v1, https://goo.gl/fbAQLP

exports[`it matches snapshot 1`] = `
<DocumentFragment>
  <div
    class="Card"
  >
    <h4
      class="Card-title"
    >
      Test
    </h4>
    <img
      alt="Test"
      class="Card-image"
      src="image1.jpg"
    />
    <small
      class="Card-small"
    >
      Image 0 of 0.
    </small>
  </div>
</DocumentFragment>
`;
